_abs_path.sh
_arb_up.sh
_arh_st_rc_fn.sh
_bcp_strc.sh
_bm7z.sh
_color2e.sh
_color_self.sh
_cpr9.sh
_c_up.sh
_d2ae.sh
_d2Ae.sh
_d2e.sh
_d2f_marg.sh
_d2f.sh
_d2mm.sh
_d4d.sh
_d5d.sh
_date.sh
_dd2ae.sh
_dd2Ae.sh
_dd2e.sh
_ddr2ae.sh
_ddr2Ae.sh
_ddr2e.sh
_def_const.sh
_df2ae.sh
_df2Ae.sh
_df2e.sh
_dfr2ae.sh
_dfr2Ae.sh
_dfr2aewd.sh
_dfr2e_lcu.sh
_dfr2e.sh
_dig2base.sh
_dig_ibase2obase.sh
_dis_git.sh
_dpl_strc.sh
_dr2ae.sh
_dr2Ae.sh
_dr2e.sh
_dr2ewd.sh
_drNTf.sh
_dSYd.sh
_edir.sh
_edit.sh
_ee2rpth.sh
_egrep.sh
_elib.sh
_eval.sh
_f2ad.sh
_f2d.sh
_f2e.sh
_f2f.sh
_f2mm.sh
_flur.sh
_fn2var.sh
_fnCMPenv.sh
_gig_st_rc_fn.sh
_gpz.sh
_gpz_to.sh
_iac_lcu_in_d.sh
_is_d2acc.sh
_is_dDIFz.sh
_is_dNTf.sh
_isn_from.sh
_isn_od.sh
_is_reINs.sh
_is_rndx_f.sh
_is_root.sh
_is_rr.sh
_is_sINs.sh
_is_yes.sh
_l2f.sh
_lcu2d.sh
_lcu2e.sh
_lcu_add_tag2f.sh
_lcudr_tags2ue.sh
_lcu_iss_mm_add_tag2f.sh
_lcu_iss_mm_exi_tag2f.sh
_lcu_iss_tags2ue.sh
_lcu_is_z.sh
_lculdr_tags2ue.sh
_lcu_opus.sh
_lcur2d.sh
_lcu_rm_tag2f.sh
_lf2f.sh
_lnv2ad.sh
_lnv2d.sh
_lnv2e.sh
_mc.sh
_nr2mm.sh
_parr3e.sh
_prs_f.sh
_puml.sh
_re.sh
_ret2e.sh
_rm_st_rc_fn.sh
_rnd2e.sh
_rndxf2e.sh
_rpr_strc.sh
_rr.sh
_s2ad.sh
_s2d.sh
_s2f.sh
_s2se.sh
_sd2d.sh
_sdd2d.sh
_sf2f.sh
_sn2e.sh
_source_w1_isf.sh
_sRf.sh
_st_err.sh
_stE.sh
_st_exit.sh
_st_info.sh
_st_pause.sh
_strc_run2log.sh
_str_lib_lst.sh
_sTRMe.sh
_ststart.sh
_tst_arb.sh
_ungpz_to.sh
_unzip_to.sh
_upg_st_rc_fn.sh
_utmp.sh
_vim.sh
_XXX.sh
_zip_to.sh
